2026-04-28 17:10:33 [INFO] [data_collection] *** Manual Mode ***: Targeting project 'spring-boot-graalvm'
2026-04-28 17:10:33 [INFO] [data_collection] --- Starting Harvester Pipeline: 1 projects ---
2026-04-28 17:10:33 [INFO] [data_collection] >>> Harvesting Project: spring-boot-graalvm
2026-04-28 17:11:24 [INFO] [data_collection] --- Harvester Pipeline Finished ---
2026-04-28 17:29:12 [INFO] [data_collection] *** Manual Mode ***: Targeting project 'spring-native'
2026-04-28 17:29:12 [INFO] [data_collection] --- Starting Harvester Pipeline: 1 projects ---
2026-04-28 17:29:12 [INFO] [data_collection] >>> Harvesting Project: spring-native
2026-04-28 17:34:17 [INFO] [data_collection] --- Harvester Pipeline Finished ---
2026-04-28 17:36:10 [INFO] [data_collection] *** Manual Mode ***: Targeting project 'spring-native'
2026-04-28 17:36:10 [INFO] [data_collection] --- Starting Harvester Pipeline: 1 projects ---
2026-04-28 17:36:10 [INFO] [data_collection] >>> Harvesting Project: spring-native
2026-04-28 17:36:11 [ERROR] [data_collection]  [!] Critical error harvesting spring-native: name 'env' is not defined
2026-04-28 17:36:12 [INFO] [data_collection] --- Harvester Pipeline Finished ---
2026-04-28 17:37:06 [INFO] [data_collection] *** Manual Mode ***: Targeting project 'spring-native'
2026-04-28 17:37:06 [INFO] [data_collection] --- Starting Harvester Pipeline: 1 projects ---
2026-04-28 17:37:06 [INFO] [data_collection] >>> Harvesting Project: spring-native
2026-04-28 17:53:42 [INFO] [data_collection] *** Manual Mode ***: Targeting project 'azure-native-spring-function'
2026-04-28 17:53:42 [INFO] [data_collection] --- Starting Harvester Pipeline: 1 projects ---
2026-04-28 17:53:42 [INFO] [data_collection] >>> Harvesting Project: azure-native-spring-function
2026-04-28 17:54:02 [INFO] [data_collection] --- Harvester Pipeline Finished ---
2026-04-28 18:02:53 [INFO] [data_collection] *** Manual Mode ***: Targeting project 'spring-native'
2026-04-28 18:02:53 [INFO] [data_collection] --- Starting Harvester Pipeline: 1 projects ---
2026-04-28 18:02:53 [INFO] [data_collection] >>> Harvesting Project: spring-native
2026-04-28 18:07:59 [INFO] [data_collection] --- Harvester Pipeline Finished ---
2026-04-28 18:09:03 [INFO] [data_collection] *** Manual Mode ***: Targeting project 'spring-native'
2026-04-28 18:09:03 [INFO] [data_collection] --- Starting Harvester Pipeline: 1 projects ---
2026-04-28 18:09:03 [INFO] [data_collection] >>> Harvesting Project: spring-native
2026-04-28 18:11:10 [INFO] [data_collection] --- Harvester Pipeline Finished ---
2026-05-01 11:37:21 [INFO] [data_collection] *** Manual Mode ***: Targeting project 'native-aws-fargate'
2026-05-01 11:37:21 [INFO] [data_collection] --- Starting Harvester Pipeline: 1 projects ---
2026-05-01 11:37:21 [INFO] [data_collection] >>> Harvesting Project: native-aws-fargate
2026-05-01 11:37:22 [INFO] [data_collection] --- Harvester Pipeline Finished ---
2026-05-01 11:49:14 [INFO] [data_collection] *** Manual Mode ***: Targeting project 'native-aws-fargate'
2026-05-01 11:49:14 [INFO] [data_collection] --- Starting Harvester Pipeline: 1 projects ---
2026-05-01 11:49:14 [INFO] [data_collection] >>> Harvesting Project: native-aws-fargate
2026-05-01 11:49:21 [INFO] [data_collection] --- Harvester Pipeline Finished ---
2026-05-01 11:52:45 [INFO] [data_collection] *** Manual Mode ***: Targeting project 'master'
2026-05-01 11:52:45 [INFO] [data_collection] --- Starting Harvester Pipeline: 1 projects ---
2026-05-01 11:52:45 [INFO] [data_collection] >>> Harvesting Project: master
2026-05-01 11:52:49 [INFO] [data_collection] --- Harvester Pipeline Finished ---
2026-05-01 12:03:02 [INFO] [data_collection] *** Manual Mode ***: Targeting project 'native-aws-fargate'
2026-05-01 12:03:02 [INFO] [data_collection] --- Starting Harvester Pipeline: 1 projects ---
2026-05-01 12:03:02 [INFO] [data_collection] >>> Harvesting Project: native-aws-fargate
2026-05-01 12:03:02 [INFO] [data_collection] --- Harvester Pipeline Finished ---
2026-05-01 12:45:43 [INFO] [data_collection] *** Manual Mode ***: Targeting project 'native-aws-fargate'
2026-05-01 12:45:43 [INFO] [data_collection] --- Starting Harvester Pipeline: 1 projects ---
2026-05-01 12:45:43 [INFO] [data_collection] >>> Harvesting Project: native-aws-fargate
2026-05-01 12:45:49 [INFO] [data_collection] --- Harvester Pipeline Finished ---
2026-05-01 13:01:05 [INFO] [data_collection] *** Manual Mode ***: Targeting project 'piggymetrics'
2026-05-01 13:01:05 [INFO] [data_collection] --- Starting Harvester Pipeline: 1 projects ---
2026-05-01 13:01:05 [INFO] [data_collection] >>> Harvesting Project: piggymetrics
2026-05-01 13:01:58 [INFO] [data_collection] --- Harvester Pipeline Finished ---
2026-05-01 13:06:20 [INFO] [data_collection] *** Manual Mode ***: Targeting project 'SpringBootForBeginners'
2026-05-01 13:06:20 [INFO] [data_collection] --- Starting Harvester Pipeline: 1 projects ---
2026-05-01 13:06:20 [INFO] [data_collection] >>> Harvesting Project: SpringBootForBeginners
2026-05-01 13:06:37 [INFO] [data_collection] --- Harvester Pipeline Finished ---
2026-05-01 13:14:27 [INFO] [data_collection] *** Manual Mode ***: Targeting project 'spring-cloud-gateway'
2026-05-01 13:14:27 [INFO] [data_collection] --- Starting Harvester Pipeline: 1 projects ---
2026-05-01 13:14:27 [INFO] [data_collection] >>> Harvesting Project: spring-cloud-gateway
2026-05-01 13:19:06 [INFO] [data_collection] --- Harvester Pipeline Finished ---
2026-05-13 17:19:56 [INFO] [data_collection] *** Manual Mode ***: Targeting project 'jnativehook'
2026-05-13 17:19:56 [INFO] [data_collection] --- Starting Harvester Pipeline: 1 projects ---
2026-05-13 17:19:56 [INFO] [data_collection] >>> Harvesting Project: jnativehook
2026-05-13 17:20:06 [INFO] [data_collection] --- Harvester Pipeline Finished ---
2026-05-13 17:45:16 [INFO] [data_collection] *** Manual Mode ***: Targeting project 'jnativehook'
2026-05-13 17:45:16 [INFO] [data_collection] --- Starting Harvester Pipeline: 1 projects ---
2026-05-13 17:45:16 [INFO] [data_collection] >>> Harvesting Project: jnativehook
2026-05-13 17:45:20 [INFO] [data_collection] --- Harvester Pipeline Finished ---
2026-05-19 17:32:55 [INFO] [data_collection] *** Manual Mode ***: Targeting project 'algo-struct'
2026-05-19 17:32:55 [INFO] [data_collection] --- Starting Harvester Pipeline: 1 projects ---
2026-05-19 17:32:55 [INFO] [data_collection] >>> Harvesting Project: algo-struct
2026-05-19 17:33:04 [INFO] [data_collection] --- Harvester Pipeline Finished ---
2026-05-19 17:57:40 [INFO] [data_collection] *** Manual Mode ***: Targeting project 'StockWise'
2026-05-19 17:57:40 [INFO] [data_collection] --- Starting Harvester Pipeline: 1 projects ---
2026-05-19 17:57:40 [INFO] [data_collection] >>> Harvesting Project: StockWise
2026-05-19 17:57:49 [INFO] [data_collection] --- Harvester Pipeline Finished ---
2026-05-20 11:31:30 [INFO] [data_collection] *** Manual Mode ***: Targeting project 'safetrade_client_service'
2026-05-20 11:31:30 [INFO] [data_collection] --- Starting Harvester Pipeline: 1 projects ---
2026-05-20 11:31:30 [INFO] [data_collection] >>> Harvesting Project: safetrade_client_service
2026-05-20 11:31:31 [INFO] [data_collection] --- Harvester Pipeline Finished ---
2026-05-21 12:48:20 [INFO] [data_collection] *** Manual Mode ***: Targeting project 'jnativehook'
2026-05-21 12:48:20 [INFO] [data_collection] --- Starting Harvester Pipeline: 1 projects ---
2026-05-21 12:48:20 [INFO] [data_collection] >>> Harvesting Project: jnativehook
2026-05-21 12:48:20 [INFO] [data_collection] --- Harvester Pipeline Finished ---
2026-05-21 12:51:29 [INFO] [data_collection] *** Manual Mode ***: Targeting project 'LabMQTT'
2026-05-21 12:51:29 [INFO] [data_collection] --- Starting Harvester Pipeline: 1 projects ---
2026-05-21 12:51:29 [INFO] [data_collection] >>> Harvesting Project: LabMQTT
2026-05-21 12:51:29 [INFO] [data_collection] --- Harvester Pipeline Finished ---
2026-05-21 13:00:21 [INFO] [data_collection] *** Manual Mode ***: Targeting project 'LabMQTT'
2026-05-21 13:00:21 [INFO] [data_collection] --- Starting Harvester Pipeline: 1 projects ---
2026-05-21 13:00:21 [INFO] [data_collection] >>> Harvesting Project: LabMQTT
2026-05-21 13:00:21 [INFO] [data_collection] --- Harvester Pipeline Finished ---
2026-05-21 13:01:38 [INFO] [data_collection] *** Manual Mode ***: Targeting project 'LabMQTT'
2026-05-21 13:01:38 [INFO] [data_collection] --- Starting Harvester Pipeline: 1 projects ---
2026-05-21 13:01:38 [INFO] [data_collection] >>> Harvesting Project: LabMQTT
2026-05-21 13:01:46 [INFO] [data_collection] --- Harvester Pipeline Finished ---
2026-05-21 13:02:16 [INFO] [data_collection] *** Manual Mode ***: Targeting project 'jnativehook'
2026-05-21 13:02:16 [INFO] [data_collection] --- Starting Harvester Pipeline: 1 projects ---
2026-05-21 13:02:16 [INFO] [data_collection] >>> Harvesting Project: jnativehook
2026-05-21 13:02:21 [INFO] [data_collection] --- Harvester Pipeline Finished ---
2026-05-21 13:19:37 [INFO] [data_collection] *** Manual Mode ***: Targeting project 'LabMQTT'
2026-05-21 13:19:37 [INFO] [data_collection] --- Starting Harvester Pipeline: 1 projects ---
2026-05-21 13:19:37 [INFO] [data_collection] >>> Harvesting Project: LabMQTT
2026-05-21 13:19:37 [INFO] [data_collection] --- Harvester Pipeline Finished ---
2026-05-21 13:19:56 [INFO] [data_collection] *** Manual Mode ***: Targeting project 'LabMQTT'
2026-05-21 13:19:56 [INFO] [data_collection] --- Starting Harvester Pipeline: 1 projects ---
2026-05-21 13:19:56 [INFO] [data_collection] >>> Harvesting Project: LabMQTT
2026-05-21 13:19:57 [INFO] [data_collection] --- Harvester Pipeline Finished ---
2026-05-21 13:20:31 [INFO] [data_collection] *** Manual Mode ***: Targeting project 'LabMQTT'
2026-05-21 13:20:31 [INFO] [data_collection] --- Starting Harvester Pipeline: 1 projects ---
2026-05-21 13:20:31 [INFO] [data_collection] >>> Harvesting Project: LabMQTT
2026-05-21 13:20:31 [INFO] [data_collection] --- Harvester Pipeline Finished ---
2026-05-21 13:21:31 [INFO] [data_collection] *** Manual Mode ***: Targeting project 'LabMQTT'
2026-05-21 13:21:31 [INFO] [data_collection] --- Starting Harvester Pipeline: 1 projects ---
2026-05-21 13:21:31 [INFO] [data_collection] >>> Harvesting Project: LabMQTT
2026-05-21 13:21:33 [INFO] [data_collection] --- Harvester Pipeline Finished ---
2026-05-21 13:22:30 [INFO] [data_collection] *** Manual Mode ***: Targeting project 'LabMQTT'
2026-05-21 13:22:30 [INFO] [data_collection] --- Starting Harvester Pipeline: 1 projects ---
2026-05-21 13:22:30 [INFO] [data_collection] >>> Harvesting Project: LabMQTT
2026-05-21 13:22:34 [INFO] [data_collection] --- Harvester Pipeline Finished ---
2026-05-22 10:32:09 [INFO] [data_collection] *** Manual Mode ***: Targeting project 'LabMQTT'
2026-05-22 10:32:09 [INFO] [data_collection] --- Starting Harvester Pipeline: 1 projects ---
2026-05-22 10:32:09 [INFO] [data_collection] >>> Harvesting Project: LabMQTT
2026-05-22 10:32:15 [ERROR] [data_collection]  [!] Critical error harvesting LabMQTT: 'ManifestManager' object has no attribute 'update_project_metadata'
2026-05-22 10:32:15 [INFO] [data_collection] --- Harvester Pipeline Finished ---
2026-05-22 10:32:27 [INFO] [data_collection] *** Manual Mode ***: Targeting project 'jnativehook'
2026-05-22 10:32:27 [INFO] [data_collection] --- Starting Harvester Pipeline: 1 projects ---
2026-05-22 10:32:27 [INFO] [data_collection] >>> Harvesting Project: jnativehook
2026-05-22 10:32:31 [ERROR] [data_collection]  [!] Critical error harvesting jnativehook: 'ManifestManager' object has no attribute 'update_project_metadata'
2026-05-22 10:32:31 [INFO] [data_collection] --- Harvester Pipeline Finished ---
2026-05-22 10:34:05 [INFO] [data_collection] *** Manual Mode ***: Targeting project 'jnativehook'
2026-05-22 10:34:05 [INFO] [data_collection] --- Starting Harvester Pipeline: 1 projects ---
2026-05-22 10:34:05 [INFO] [data_collection] >>> Harvesting Project: jnativehook
2026-05-22 10:34:09 [ERROR] [data_collection]  [!] Critical error harvesting jnativehook: 'ManifestManager' object has no attribute 'update_project_metadata'
2026-05-22 10:34:09 [INFO] [data_collection] --- Harvester Pipeline Finished ---
2026-05-22 10:41:04 [INFO] [data_collection] *** Manual Mode ***: Targeting project 'jnativehook'
2026-05-22 10:41:04 [INFO] [data_collection] --- Starting Harvester Pipeline: 1 projects ---
2026-05-22 10:41:04 [INFO] [data_collection] >>> Harvesting Project: jnativehook
2026-05-22 10:41:08 [INFO] [data_collection] --- Harvester Pipeline Finished ---
2026-05-22 11:07:32 [INFO] [data_collection] *** Manual Mode ***: Targeting project 'jnativehook'
2026-05-22 11:07:32 [INFO] [data_collection] --- Starting Harvester Pipeline: 1 projects ---
2026-05-22 11:07:32 [INFO] [data_collection] >>> Harvesting Project: jnativehook
2026-05-22 11:07:37 [INFO] [data_collection] --- Harvester Pipeline Finished ---
2026-05-22 11:09:05 [INFO] [data_collection] *** Manual Mode ***: Targeting project 'doom-graal'
2026-05-22 11:09:05 [INFO] [data_collection] --- Starting Harvester Pipeline: 1 projects ---
2026-05-22 11:09:05 [INFO] [data_collection] >>> Harvesting Project: doom-graal
2026-05-22 11:09:10 [INFO] [data_collection] --- Harvester Pipeline Finished ---
2026-05-22 11:09:41 [INFO] [data_collection] *** Manual Mode ***: Targeting project 'LabMQTT'
2026-05-22 11:09:41 [INFO] [data_collection] --- Starting Harvester Pipeline: 1 projects ---
2026-05-22 11:09:41 [INFO] [data_collection] >>> Harvesting Project: LabMQTT
2026-05-22 11:09:45 [INFO] [data_collection] --- Harvester Pipeline Finished ---
2026-05-22 11:10:41 [INFO] [data_collection] *** Manual Mode ***: Targeting project 'algo-struct'
2026-05-22 11:10:41 [INFO] [data_collection] --- Starting Harvester Pipeline: 1 projects ---
2026-05-22 11:10:41 [INFO] [data_collection] >>> Harvesting Project: algo-struct
2026-05-22 11:10:48 [INFO] [data_collection] --- Harvester Pipeline Finished ---
2026-05-22 11:11:29 [INFO] [data_collection] *** Manual Mode ***: Targeting project 'algo-struct'
2026-05-22 11:11:29 [INFO] [data_collection] --- Starting Harvester Pipeline: 1 projects ---
2026-05-22 11:11:29 [INFO] [data_collection] >>> Harvesting Project: algo-struct
2026-05-22 11:11:35 [INFO] [data_collection] --- Harvester Pipeline Finished ---
2026-05-22 14:22:35 [INFO] [data_collection] *** Manual Mode ***: Targeting project 'hawtjni'
2026-05-22 14:22:35 [INFO] [data_collection] --- Starting Harvester Pipeline: 1 projects ---
2026-05-22 14:22:35 [INFO] [data_collection] >>> Harvesting Project: hawtjni
2026-05-22 14:22:50 [INFO] [data_collection] --- Harvester Pipeline Finished ---
2026-05-22 14:26:28 [INFO] [data_collection] *** Manual Mode ***: Targeting project 'hawtjni'
2026-05-22 14:26:28 [INFO] [data_collection] --- Starting Harvester Pipeline: 1 projects ---
2026-05-22 14:26:28 [INFO] [data_collection] >>> Harvesting Project: hawtjni
2026-05-22 14:26:34 [INFO] [data_collection] --- Harvester Pipeline Finished ---
2026-05-22 14:28:31 [INFO] [data_collection] *** Manual Mode ***: Targeting project 'whisper-jni'
2026-05-22 14:28:31 [INFO] [data_collection] --- Starting Harvester Pipeline: 1 projects ---
2026-05-22 14:28:31 [INFO] [data_collection] >>> Harvesting Project: whisper-jni
2026-05-22 14:28:37 [INFO] [data_collection] --- Harvester Pipeline Finished ---
2026-05-22 14:44:19 [INFO] [data_collection] *** Manual Mode ***: Targeting project 'spring-native'
2026-05-22 14:44:19 [INFO] [data_collection] --- Starting Harvester Pipeline: 1 projects ---
2026-05-22 14:44:19 [INFO] [data_collection] >>> Harvesting Project: spring-native
2026-05-22 14:44:53 [INFO] [data_collection] --- Harvester Pipeline Finished ---
2026-05-22 14:50:33 [INFO] [data_collection] *** Manual Mode ***: Targeting project 'javacpp'
2026-05-22 14:50:33 [INFO] [data_collection] --- Starting Harvester Pipeline: 1 projects ---
2026-05-22 14:50:33 [INFO] [data_collection] >>> Harvesting Project: javacpp
2026-05-22 14:50:41 [INFO] [data_collection] --- Harvester Pipeline Finished ---
2026-05-22 14:53:23 [INFO] [data_collection] *** Manual Mode ***: Targeting project 'javacpp'
2026-05-22 14:53:23 [INFO] [data_collection] --- Starting Harvester Pipeline: 1 projects ---
2026-05-22 14:53:23 [INFO] [data_collection] >>> Harvesting Project: javacpp
2026-05-22 14:53:27 [INFO] [data_collection] --- Harvester Pipeline Finished ---
2026-05-22 14:54:55 [INFO] [data_collection] *** Manual Mode ***: Targeting project 'jni-faiss'
2026-05-22 14:54:55 [INFO] [data_collection] --- Starting Harvester Pipeline: 1 projects ---
2026-05-22 14:54:55 [INFO] [data_collection] >>> Harvesting Project: jni-faiss
2026-05-22 14:55:01 [INFO] [data_collection] --- Harvester Pipeline Finished ---
2026-05-22 14:56:16 [INFO] [data_collection] *** Manual Mode ***: Targeting project 'algo-struct'
2026-05-22 14:56:16 [INFO] [data_collection] --- Starting Harvester Pipeline: 1 projects ---
2026-05-22 14:56:16 [INFO] [data_collection] >>> Harvesting Project: algo-struct
2026-05-22 14:56:21 [INFO] [data_collection] --- Harvester Pipeline Finished ---
2026-05-22 14:56:46 [INFO] [data_collection] *** Manual Mode ***: Targeting project 'algo-struct'
2026-05-22 14:56:46 [INFO] [data_collection] --- Starting Harvester Pipeline: 1 projects ---
2026-05-22 14:56:46 [INFO] [data_collection] >>> Harvesting Project: algo-struct
2026-05-22 14:56:51 [INFO] [data_collection] --- Harvester Pipeline Finished ---
2026-05-22 15:06:43 [INFO] [data_collection] *** Manual Mode ***: Targeting project 'piggymetrics'
2026-05-22 15:06:43 [INFO] [data_collection] --- Starting Harvester Pipeline: 1 projects ---
2026-05-22 15:06:43 [INFO] [data_collection] >>> Harvesting Project: piggymetrics
2026-05-22 15:06:58 [INFO] [data_collection] --- Harvester Pipeline Finished ---
2026-05-22 15:17:39 [INFO] [data_collection] *** Manual Mode ***: Targeting project 'jni-faiss'
2026-05-22 15:17:39 [INFO] [data_collection] --- Starting Harvester Pipeline: 1 projects ---
2026-05-22 15:17:39 [INFO] [data_collection] >>> Harvesting Project: jni-faiss
2026-05-22 15:17:43 [INFO] [data_collection] --- Harvester Pipeline Finished ---
2026-05-22 15:19:29 [INFO] [data_collection] *** Manual Mode ***: Targeting project 'jni-faiss'
2026-05-22 15:19:29 [INFO] [data_collection] --- Starting Harvester Pipeline: 1 projects ---
2026-05-22 15:19:29 [INFO] [data_collection] >>> Harvesting Project: jni-faiss
2026-05-22 15:19:33 [INFO] [data_collection] --- Harvester Pipeline Finished ---
2026-05-22 15:20:28 [INFO] [data_collection] *** Manual Mode ***: Targeting project 'graal'
2026-05-22 15:20:28 [INFO] [data_collection] --- Starting Harvester Pipeline: 1 projects ---
2026-05-22 15:20:28 [INFO] [data_collection] >>> Harvesting Project: graal
2026-05-22 15:20:56 [INFO] [data_collection] --- Harvester Pipeline Finished ---
2026-05-22 15:21:12 [INFO] [data_collection] *** Manual Mode ***: Targeting project 'javacpp'
2026-05-22 15:21:12 [INFO] [data_collection] --- Starting Harvester Pipeline: 1 projects ---
2026-05-22 15:21:12 [INFO] [data_collection] >>> Harvesting Project: javacpp
2026-05-22 15:21:16 [INFO] [data_collection] --- Harvester Pipeline Finished ---
