2026-04-28 17:54:02 [INFO] [manifest_manager]  [MANIFEST] azure-native-spring-function updated to HARVESTED
2026-04-28 17:57:44 [INFO] [manifest_manager]  [MANIFEST] azure-native-spring-function updated to ANALYSED
2026-04-28 17:59:18 [INFO] [manifest_manager]  [MANIFEST] doom-graal updated to ANALYSED
2026-04-28 18:00:28 [INFO] [manifest_manager]  [MANIFEST] java-graalvm-start updated to ANALYSED
2026-04-28 18:01:35 [INFO] [manifest_manager]  [MANIFEST] spring-boot-graalvm updated to ANALYSED
2026-04-28 18:07:58 [INFO] [manifest_manager]  [MANIFEST] spring-native updated to FAILED_MAVEN
2026-04-28 18:11:10 [INFO] [manifest_manager]  [MANIFEST] spring-native updated to HARVESTED
2026-04-28 18:20:00 [INFO] [manifest_manager]  [MANIFEST] spring-native updated to ANALYSED
2026-05-01 11:37:22 [INFO] [manifest_manager]  [MANIFEST] native-aws-fargate updated to FAILED_CLONE
2026-05-01 11:49:21 [INFO] [manifest_manager]  [MANIFEST] native-aws-fargate updated to FAILED_MAVEN
2026-05-01 11:52:49 [INFO] [manifest_manager]  [MANIFEST] master updated to FAILED_MAVEN
2026-05-01 12:03:02 [INFO] [manifest_manager]  [MANIFEST] native-aws-fargate updated to FAILED_CLONE
2026-05-01 12:45:48 [INFO] [manifest_manager]  [MANIFEST] native-aws-fargate updated to FAILED_MAVEN
2026-05-01 13:01:58 [INFO] [manifest_manager]  [MANIFEST] piggymetrics updated to HARVESTED
2026-05-01 13:03:34 [INFO] [manifest_manager]  [MANIFEST] piggymetrics updated to ANALYSED
2026-05-01 13:06:37 [INFO] [manifest_manager]  [MANIFEST] SpringBootForBeginners updated to HARVESTED
2026-05-01 13:07:05 [INFO] [manifest_manager]  [MANIFEST] SpringBootForBeginners updated to ANALYSED
2026-05-01 13:19:06 [INFO] [manifest_manager]  [MANIFEST] spring-cloud-gateway updated to HARVESTED
2026-05-01 13:52:49 [INFO] [manifest_manager]  [MANIFEST] spring-cloud-gateway updated to ANALYSED
2026-05-10 12:38:52 [INFO] [manifest_manager]  [MANIFEST][ANALYSED] serverless-graalvm-demo updated
2026-05-13 17:20:06 [INFO] [manifest_manager]  [MANIFEST][HARVESTED] jnativehook updated
2026-05-13 17:20:36 [INFO] [manifest_manager]  [MANIFEST][ANALYSED] jnativehook updated
2026-05-13 17:40:15 [INFO] [manifest_manager]  [MANIFEST][ANALYSED] jnativehook updated
2026-05-13 17:45:00 [INFO] [manifest_manager]  [MANIFEST][ANALYSED] jnativehook updated
2026-05-13 17:45:20 [INFO] [manifest_manager]  [MANIFEST][HARVESTED] jnativehook updated
2026-05-19 17:25:39 [INFO] [manifest_manager]  [MANIFEST][ANALYSED] algo-struct updated
2026-05-19 17:33:04 [INFO] [manifest_manager]  [MANIFEST][HARVESTED] algo-struct updated
2026-05-19 17:34:00 [INFO] [manifest_manager]  [MANIFEST][ANALYSED] algo-struct updated
2026-05-19 17:57:49 [INFO] [manifest_manager]  [MANIFEST][HARVESTED] StockWise updated
2026-05-19 17:58:42 [INFO] [manifest_manager]  [MANIFEST][ANALYSED] StockWise updated
2026-05-19 20:13:34 [INFO] [manifest_manager]  [MANIFEST][ANALYSED] algo-struct updated
2026-05-20 11:31:31 [INFO] [manifest_manager]  [MANIFEST][FAILED_CLONE] safetrade_client_service updated
2026-05-20 12:19:21 [INFO] [manifest_manager]  [MANIFEST][ANALYSED] StockWise updated
2026-05-20 12:28:50 [INFO] [manifest_manager]  [MANIFEST][ANALYSED] jnativehook updated
2026-05-21 12:41:33 [INFO] [manifest_manager]  [MANIFEST][ANALYSED] jnativehook updated
2026-05-21 12:46:13 [INFO] [manifest_manager]  [MANIFEST][ANALYSED] jnativehook updated
2026-05-21 12:48:20 [INFO] [manifest_manager]  [MANIFEST][FAILED_CLONE] jnativehook updated
2026-05-21 12:51:29 [INFO] [manifest_manager]  [MANIFEST][FAILED_CLONE] LabMQTT updated
2026-05-21 13:00:21 [INFO] [manifest_manager]  [MANIFEST][FAILED_CLONE] LabMQTT updated
2026-05-21 13:01:46 [INFO] [manifest_manager]  [MANIFEST][HARVESTED] LabMQTT updated
2026-05-21 13:02:21 [INFO] [manifest_manager]  [MANIFEST][HARVESTED] jnativehook updated
2026-05-21 13:04:58 [INFO] [manifest_manager]  [MANIFEST][ANALYSED] jnativehook updated
2026-05-21 13:18:39 [INFO] [manifest_manager]  [MANIFEST][ANALYSED] jnativehook updated
2026-05-21 13:19:37 [INFO] [manifest_manager]  [MANIFEST][FAILED_CLONE] LabMQTT updated
2026-05-21 13:19:57 [INFO] [manifest_manager]  [MANIFEST][FAILED_CLONE] LabMQTT updated
2026-05-21 13:20:31 [INFO] [manifest_manager]  [MANIFEST][FAILED_CLONE] LabMQTT updated
2026-05-21 13:21:33 [INFO] [manifest_manager]  [MANIFEST][FAILED_CLONE] LabMQTT updated
2026-05-21 13:22:34 [INFO] [manifest_manager]  [MANIFEST][HARVESTED] LabMQTT updated
2026-05-22 10:32:15 [INFO] [manifest_manager]  [MANIFEST][CRITICAL_ERROR] LabMQTT updated
2026-05-22 10:32:31 [INFO] [manifest_manager]  [MANIFEST][CRITICAL_ERROR] jnativehook updated
2026-05-22 10:34:09 [INFO] [manifest_manager]  [MANIFEST][CRITICAL_ERROR] jnativehook updated
2026-05-22 10:41:08 [INFO] [manifest_manager]  [MANIFEST][HARVESTED] jnativehook updated
2026-05-22 11:07:37 [INFO] [manifest_manager]  [MANIFEST][HARVESTED] jnativehook updated
2026-05-22 11:09:10 [INFO] [manifest_manager]  [MANIFEST][HARVESTED] doom-graal updated
2026-05-22 11:09:45 [INFO] [manifest_manager]  [MANIFEST][HARVESTED] LabMQTT updated
2026-05-22 11:10:48 [INFO] [manifest_manager]  [MANIFEST][HARVESTED] algo-struct updated
2026-05-22 11:11:35 [INFO] [manifest_manager]  [MANIFEST][HARVESTED] algo-struct updated
2026-05-22 14:22:50 [INFO] [manifest_manager]  [MANIFEST][HARVESTED] hawtjni updated
2026-05-22 14:23:16 [INFO] [manifest_manager]  [MANIFEST][ANALYSED] hawtjni updated
2026-05-22 14:26:34 [INFO] [manifest_manager]  [MANIFEST][HARVESTED] hawtjni updated
2026-05-22 14:26:42 [INFO] [manifest_manager]  [MANIFEST][ANALYSED] hawtjni updated
2026-05-22 14:28:37 [INFO] [manifest_manager]  [MANIFEST][HARVESTED] whisper-jni updated
2026-05-22 14:28:57 [INFO] [manifest_manager]  [MANIFEST][ANALYSED] whisper-jni updated
2026-05-22 14:34:05 [INFO] [manifest_manager]  [MANIFEST][ANALYSED] whisper-jni updated
2026-05-22 14:44:52 [INFO] [manifest_manager]  [MANIFEST][HARVESTED] spring-native updated
2026-05-22 14:48:44 [INFO] [manifest_manager]  [MANIFEST][ANALYSED] spring-native updated
2026-05-22 14:48:59 [INFO] [manifest_manager]  [MANIFEST][ANALYSED] whisper-jni updated
2026-05-22 14:50:40 [INFO] [manifest_manager]  [MANIFEST][FAILED_MAVEN] javacpp updated
2026-05-22 14:53:27 [INFO] [manifest_manager]  [MANIFEST][FAILED_MAVEN] javacpp updated
2026-05-22 14:55:01 [INFO] [manifest_manager]  [MANIFEST][HARVESTED] jni-faiss updated
2026-05-22 14:55:20 [INFO] [manifest_manager]  [MANIFEST][ANALYSED] jni-faiss updated
2026-05-22 14:56:21 [INFO] [manifest_manager]  [MANIFEST][HARVESTED] algo-struct updated
2026-05-22 14:56:51 [INFO] [manifest_manager]  [MANIFEST][HARVESTED] algo-struct updated
2026-05-22 14:57:37 [INFO] [manifest_manager]  [MANIFEST][ANALYSED] algo-struct updated
2026-05-22 14:58:14 [INFO] [manifest_manager]  [MANIFEST][ANALYSED] algo-struct updated
2026-05-22 14:58:45 [INFO] [manifest_manager]  [MANIFEST][ANALYSED] jni-faiss updated
2026-05-22 15:06:01 [INFO] [manifest_manager]  [MANIFEST][ANALYSED] piggymetrics updated
2026-05-22 15:06:58 [INFO] [manifest_manager]  [MANIFEST][HARVESTED] piggymetrics updated
2026-05-22 15:07:44 [INFO] [manifest_manager]  [MANIFEST][ANALYSED] jni-faiss updated
2026-05-22 15:17:43 [INFO] [manifest_manager]  [MANIFEST][HARVESTED] jni-faiss updated
2026-05-22 15:18:02 [INFO] [manifest_manager]  [MANIFEST][ANALYSED] jni-faiss updated
2026-05-22 15:19:33 [INFO] [manifest_manager]  [MANIFEST][HARVESTED] jni-faiss updated
2026-05-22 15:20:48 [INFO] [manifest_manager]  [MANIFEST][FAILED_MAVEN] graal updated
2026-05-22 15:21:16 [INFO] [manifest_manager]  [MANIFEST][FAILED_MAVEN] javacpp updated
2026-05-22 15:24:26 [INFO] [manifest_manager]  [MANIFEST][FAILED_MAVEN] safetrade_client_service updated
2026-05-22 15:24:31 [INFO] [manifest_manager]  [MANIFEST][HARVESTED] algo-struct updated
2026-05-22 15:24:38 [INFO] [manifest_manager]  [MANIFEST][HARVESTED] algorithms-api-java updated
2026-05-22 15:24:45 [INFO] [manifest_manager]  [MANIFEST][HARVESTED] StockWise updated
2026-05-22 15:24:54 [INFO] [manifest_manager]  [MANIFEST][HARVESTED] sale-service updated
2026-05-22 15:25:02 [INFO] [manifest_manager]  [MANIFEST][HARVESTED] mini-erp updated
2026-05-22 15:25:05 [INFO] [manifest_manager]  [MANIFEST][HARVESTED] LabMQTT updated
2026-05-22 15:25:06 [INFO] [manifest_manager]  [MANIFEST][FAILED_CLONE] URLGeneratorApp updated
2026-05-22 15:25:12 [INFO] [manifest_manager]  [MANIFEST][HARVESTED] task-manager updated
2026-05-22 15:25:33 [INFO] [manifest_manager]  [MANIFEST][HARVESTED] serverless-graalvm-demo updated
2026-05-22 15:25:39 [INFO] [manifest_manager]  [MANIFEST][FAILED_MAVEN] Software-Development updated
2026-05-22 15:25:57 [INFO] [manifest_manager]  [MANIFEST][FAILED_MAVEN] graal updated
2026-05-22 15:26:05 [INFO] [manifest_manager]  [MANIFEST][HARVESTED] doom-graal updated
2026-05-22 15:26:13 [INFO] [manifest_manager]  [MANIFEST][HARVESTED] java-graalvm-start updated
2026-05-22 15:26:22 [INFO] [manifest_manager]  [MANIFEST][HARVESTED] spring-boot-graalvm updated
2026-05-22 15:26:46 [INFO] [manifest_manager]  [MANIFEST][HARVESTED] spring-native updated
2026-05-22 15:26:53 [INFO] [manifest_manager]  [MANIFEST][HARVESTED] azure-native-spring-function updated
2026-05-22 15:26:54 [INFO] [manifest_manager]  [MANIFEST][FAILED_CLONE] native-aws-fargate updated
2026-05-22 15:26:54 [INFO] [manifest_manager]  [MANIFEST][FAILED_CLONE] master updated
2026-05-22 15:27:07 [INFO] [manifest_manager]  [MANIFEST][HARVESTED] piggymetrics updated
2026-05-22 15:27:13 [INFO] [manifest_manager]  [MANIFEST][HARVESTED] SpringBootForBeginners updated
2026-05-22 15:29:07 [INFO] [manifest_manager]  [MANIFEST][HARVESTED] spring-cloud-gateway updated
2026-05-22 15:29:11 [INFO] [manifest_manager]  [MANIFEST][HARVESTED] jnativehook updated
2026-05-22 15:29:18 [INFO] [manifest_manager]  [MANIFEST][HARVESTED] hawtjni updated
2026-05-22 15:29:22 [INFO] [manifest_manager]  [MANIFEST][HARVESTED] whisper-jni updated
2026-05-22 15:29:26 [INFO] [manifest_manager]  [MANIFEST][FAILED_MAVEN] javacpp updated
2026-05-22 15:29:29 [INFO] [manifest_manager]  [MANIFEST][HARVESTED] jni-faiss updated
2026-05-22 15:34:43 [INFO] [manifest_manager]  [MANIFEST][ANALYSED] algo-struct updated
2026-05-22 15:34:52 [INFO] [manifest_manager]  [MANIFEST][ANALYSED] algorithms-api-java updated
2026-05-22 15:35:24 [INFO] [manifest_manager]  [MANIFEST][ANALYSED] StockWise updated
2026-05-22 15:36:01 [INFO] [manifest_manager]  [MANIFEST][ANALYSED] sale-service updated
2026-05-22 15:36:20 [INFO] [manifest_manager]  [MANIFEST][ANALYSED] mini-erp updated
2026-05-22 15:36:21 [INFO] [manifest_manager]  [MANIFEST][ANALYSED] LabMQTT updated
2026-05-22 15:36:36 [INFO] [manifest_manager]  [MANIFEST][ANALYSED] task-manager updated
2026-05-22 15:37:04 [INFO] [manifest_manager]  [MANIFEST][ANALYSED] serverless-graalvm-demo updated
2026-05-22 15:37:05 [INFO] [manifest_manager]  [MANIFEST][ANALYSED] doom-graal updated
2026-05-22 15:37:28 [INFO] [manifest_manager]  [MANIFEST][ANALYSED] java-graalvm-start updated
2026-05-22 15:37:28 [INFO] [manifest_manager]  [MANIFEST][ANALYSED] spring-boot-graalvm updated
2026-05-22 15:40:28 [INFO] [manifest_manager]  [MANIFEST][ANALYSED] spring-native updated
2026-05-22 15:40:48 [INFO] [manifest_manager]  [MANIFEST][ANALYSED] azure-native-spring-function updated
2026-05-22 15:42:01 [INFO] [manifest_manager]  [MANIFEST][ANALYSED] piggymetrics updated
2026-05-22 15:42:19 [INFO] [manifest_manager]  [MANIFEST][ANALYSED] SpringBootForBeginners updated
2026-05-22 15:43:32 [INFO] [manifest_manager]  [MANIFEST][ANALYSED] spring-cloud-gateway updated
2026-05-22 15:43:32 [INFO] [manifest_manager]  [MANIFEST][ANALYSED] jnativehook updated
2026-05-22 15:43:32 [INFO] [manifest_manager]  [MANIFEST][ANALYSED] hawtjni updated
2026-05-22 15:43:32 [INFO] [manifest_manager]  [MANIFEST][ANALYSED] whisper-jni updated
2026-05-22 15:43:32 [INFO] [manifest_manager]  [MANIFEST][ANALYSED] jni-faiss updated
