2026-04-26 18:30:17 [INFO] [stats_manager]  [CSV UPDATE] Metrics saved for mini-erp (CMV: 1917)
2026-04-26 18:44:25 [INFO] [stats_manager]  [CSV UPDATE] Metrics saved for mini-erp (CMV: 1917)
2026-04-26 18:50:09 [INFO] [stats_manager]  [CSV UPDATE] Metrics saved for mini-erp (CMV: 1917)
2026-04-26 18:51:12 [INFO] [stats_manager]  [CSV UPDATE] Metrics saved for LabMQTT (CMV: 2)
2026-04-27 10:05:36 [INFO] [stats_manager]  [CSV UPDATE] Metrics saved for LabMQTT (CMV: 2)
2026-04-28 17:11:49 [INFO] [stats_manager]  [CSV UPDATE] Metrics saved for spring-boot-graalvm (CMV: 0)
2026-04-28 17:28:50 [INFO] [stats_manager]  [CSV UPDATE] Metrics saved for spring-boot-graalvm (CMV: 0)
2026-04-28 17:57:44 [INFO] [stats_manager]  [CSV UPDATE] Metrics saved for azure-native-spring-function (CMV: 855)
2026-04-28 17:59:18 [INFO] [stats_manager]  [CSV UPDATE] Metrics saved for doom-graal (CMV: 0)
2026-04-28 18:00:28 [INFO] [stats_manager]  [CSV UPDATE] Metrics saved for java-graalvm-start (CMV: 486)
2026-04-28 18:01:35 [INFO] [stats_manager]  [CSV UPDATE] Metrics saved for spring-boot-graalvm (CMV: 0)
2026-04-28 18:20:00 [INFO] [stats_manager]  [CSV UPDATE] Metrics saved for spring-native (CMV: 3796)
2026-05-01 13:03:34 [INFO] [stats_manager]  [CSV UPDATE] Metrics saved for piggymetrics (CMV: 1615)
2026-05-01 13:07:05 [INFO] [stats_manager]  [CSV UPDATE] Metrics saved for SpringBootForBeginners (CMV: 687)
2026-05-01 13:52:49 [INFO] [stats_manager]  [CSV UPDATE] Metrics saved for spring-cloud-gateway (CMV: 1666)
2026-05-10 12:38:52 [INFO] [stats_manager]  [CSV UPDATE] Metrics saved for serverless-graalvm-demo (CMV: 176)
2026-05-13 17:20:36 [INFO] [stats_manager]  [CSV UPDATE] Metrics saved for jnativehook (CMV: 0)
2026-05-13 17:40:15 [INFO] [stats_manager]  [CSV UPDATE] Metrics saved for jnativehook (CMV: 0)
2026-05-13 17:45:00 [INFO] [stats_manager]  [CSV UPDATE] Metrics saved for jnativehook (CMV: 0)
2026-05-19 17:25:39 [INFO] [stats_manager]  [CSV UPDATE] Metrics saved for algo-struct (CMV: 616)
2026-05-19 17:34:00 [INFO] [stats_manager]  [CSV UPDATE] Metrics saved for algo-struct (CMV: 616)
2026-05-19 17:58:42 [INFO] [stats_manager]  [CSV UPDATE] Metrics saved for StockWise (CMV: 2097)
2026-05-19 20:13:34 [INFO] [stats_manager]  [CSV UPDATE] Metrics saved for algo-struct (CMV: 616)
2026-05-20 12:19:21 [INFO] [stats_manager]  [CSV UPDATE] Metrics saved for StockWise (CMV: 2098)
2026-05-20 12:28:50 [INFO] [stats_manager]  [CSV UPDATE] Metrics saved for jnativehook (CMV: 0)
2026-05-21 12:41:33 [INFO] [stats_manager]  [CSV UPDATE] Metrics saved for jnativehook (CMV: 0)
2026-05-21 12:46:13 [INFO] [stats_manager]  [CSV UPDATE] Metrics saved for jnativehook (CMV: 0)
2026-05-21 13:04:58 [INFO] [stats_manager]  [CSV UPDATE] Metrics saved for jnativehook (CMV: 0)
2026-05-21 13:18:39 [INFO] [stats_manager]  [CSV UPDATE] Metrics saved for jnativehook (CMV: 0)
2026-05-22 14:23:16 [INFO] [stats_manager]  [CSV UPDATE] Metrics saved for hawtjni (CMV: 0)
2026-05-22 14:26:42 [INFO] [stats_manager]  [CSV UPDATE] Metrics saved for hawtjni (CMV: 0)
2026-05-22 14:28:57 [INFO] [stats_manager]  [CSV UPDATE] Metrics saved for whisper-jni (CMV: 0)
2026-05-22 14:34:05 [INFO] [stats_manager]  [CSV UPDATE] Metrics saved for whisper-jni (CMV: 0)
2026-05-22 14:48:44 [INFO] [stats_manager]  [CSV UPDATE] Metrics saved for spring-native (CMV: 5914)
2026-05-22 14:48:59 [INFO] [stats_manager]  [CSV UPDATE] Metrics saved for whisper-jni (CMV: 0)
2026-05-22 14:55:20 [INFO] [stats_manager]  [CSV UPDATE] Metrics saved for jni-faiss (CMV: 0)
2026-05-22 14:57:37 [INFO] [stats_manager]  [CSV UPDATE] Metrics saved for algo-struct (CMV: 613)
2026-05-22 14:58:14 [INFO] [stats_manager]  [CSV UPDATE] Metrics saved for algo-struct (CMV: 613)
2026-05-22 14:58:45 [INFO] [stats_manager]  [CSV UPDATE] Metrics saved for jni-faiss (CMV: 0)
2026-05-22 15:06:01 [INFO] [stats_manager]  [CSV UPDATE] Metrics saved for piggymetrics (CMV: 2792)
2026-05-22 15:07:44 [INFO] [stats_manager]  [CSV UPDATE] Metrics saved for jni-faiss (CMV: 0)
2026-05-22 15:18:02 [INFO] [stats_manager]  [CSV UPDATE] Metrics saved for jni-faiss (CMV: 0)
2026-05-22 15:34:43 [INFO] [stats_manager]  [CSV UPDATE] Metrics saved for algo-struct (CMV: 613)
2026-05-22 15:34:52 [INFO] [stats_manager]  [CSV UPDATE] Metrics saved for algorithms-api-java (CMV: 920)
2026-05-22 15:35:24 [INFO] [stats_manager]  [CSV UPDATE] Metrics saved for StockWise (CMV: 2112)
2026-05-22 15:36:01 [INFO] [stats_manager]  [CSV UPDATE] Metrics saved for sale-service (CMV: 2575)
2026-05-22 15:36:20 [INFO] [stats_manager]  [CSV UPDATE] Metrics saved for mini-erp (CMV: 2495)
2026-05-22 15:36:21 [INFO] [stats_manager]  [CSV UPDATE] Metrics saved for LabMQTT (CMV: 23)
2026-05-22 15:36:36 [INFO] [stats_manager]  [CSV UPDATE] Metrics saved for task-manager (CMV: 2072)
2026-05-22 15:37:04 [INFO] [stats_manager]  [CSV UPDATE] Metrics saved for serverless-graalvm-demo (CMV: 177)
2026-05-22 15:37:04 [INFO] [stats_manager]  [CSV UPDATE] Metrics saved for doom-graal (CMV: 0)
2026-05-22 15:37:28 [INFO] [stats_manager]  [CSV UPDATE] Metrics saved for java-graalvm-start (CMV: 1102)
2026-05-22 15:37:28 [INFO] [stats_manager]  [CSV UPDATE] Metrics saved for spring-boot-graalvm (CMV: 0)
2026-05-22 15:40:28 [INFO] [stats_manager]  [CSV UPDATE] Metrics saved for spring-native (CMV: 5914)
2026-05-22 15:40:48 [INFO] [stats_manager]  [CSV UPDATE] Metrics saved for azure-native-spring-function (CMV: 1378)
2026-05-22 15:42:01 [INFO] [stats_manager]  [CSV UPDATE] Metrics saved for piggymetrics (CMV: 2792)
2026-05-22 15:42:19 [INFO] [stats_manager]  [CSV UPDATE] Metrics saved for SpringBootForBeginners (CMV: 1204)
2026-05-22 15:43:32 [INFO] [stats_manager]  [CSV UPDATE] Metrics saved for spring-cloud-gateway (CMV: 2641)
2026-05-22 15:43:32 [INFO] [stats_manager]  [CSV UPDATE] Metrics saved for jnativehook (CMV: 0)
2026-05-22 15:43:32 [INFO] [stats_manager]  [CSV UPDATE] Metrics saved for hawtjni (CMV: 0)
2026-05-22 15:43:32 [INFO] [stats_manager]  [CSV UPDATE] Metrics saved for whisper-jni (CMV: 0)
2026-05-22 15:43:32 [INFO] [stats_manager]  [CSV UPDATE] Metrics saved for jni-faiss (CMV: 0)
2026-05-22 15:57:56 [INFO] [stats_manager]  [CSV UPDATE] Metrics saved for TheAlgorithms_java (CMV: 0)
2026-05-22 15:57:56 [INFO] [stats_manager]  [CSV UPDATE] Metrics saved for kubernetes-client_java (CMV: 0)
2026-05-22 15:57:56 [INFO] [stats_manager]  [CSV UPDATE] Metrics saved for json-iterator_java (CMV: 0)
2026-05-22 15:57:56 [INFO] [stats_manager]  [CSV UPDATE] Metrics saved for resolver (CMV: 0)
2026-05-22 15:57:56 [INFO] [stats_manager]  [CSV UPDATE] Metrics saved for Maven-Web-Application (CMV: 0)
2026-05-22 16:29:49 [INFO] [stats_manager]  [CSV UPDATE] Metrics saved for whisper-jni (CMV: 0)
2026-05-22 16:36:19 [INFO] [stats_manager]  [CSV UPDATE] Metrics saved for LabMQTT (CMV: 23)
2026-05-22 16:42:39 [INFO] [stats_manager]  [CSV UPDATE] Metrics saved for LabMQTT (CMV: 23)
2026-05-22 16:43:00 [INFO] [stats_manager]  [CSV UPDATE] Metrics saved for whisper-jni (CMV: 0)
2026-05-22 16:49:12 [INFO] [stats_manager]  [CSV UPDATE] Metrics saved for algo-struct (CMV: 0)
2026-05-22 16:50:06 [INFO] [stats_manager]  [CSV UPDATE] Metrics saved for algo-struct (CMV: 613)
2026-05-22 16:51:08 [INFO] [stats_manager]  [CSV UPDATE] Metrics saved for whisper-jni (CMV: 0)
2026-05-22 16:51:59 [INFO] [stats_manager]  [CSV UPDATE] Metrics saved for jni-faiss (CMV: 71)
